[     423ms] [ERROR] Failed to load resource: the server responded with a status of 404 (File not found) @ http://localhost:8000/favicon.ico:0
[  653371ms] [VERBOSE] [DOM] Input elements should have autocomplete attributes (suggested: "current-password"): (More info: https://goo.gl/9p2vKq) %o @ http://localhost:8080/login/:0
[  661554ms] [WARNING] Deprecation warning: value provided is not in a recognized RFC2822 or ISO format. moment construction falls back to js Date(), which is not reliable across all browsers and versions. Non RFC2822/ISO date formats are discouraged. Please refer to http://momentjs.com/guides/#/warnings/js-date/ for more info.
Arguments: 
[0] _isAMomentObject: true, _isUTC: false, _useUTC: false, _l: undefined, _i: None, _f: undefined, _strict: undefined, _locale: [object Object]
Error
    at O.createFromInputFallback (http://localhost:8080/static/dist/moment.0fcb6b41ff6a87cf079e.js:2:10800)
    at wb (http://localhost:8080/static/dist/moment.0fcb6b41ff6a87cf079e.js:2:35140)
    at jb (http://localhost:8080/static/dist/moment.0fcb6b41ff6a87cf079e.js:2:38472)
    at Fb (http://localhost:8080/static/dist/moment.0fcb6b41ff6a87cf079e.js:2:38339)
    at Gb (http://localhost:8080/static/dist/moment.0fcb6b41ff6a87cf079e.js:2:38058)
    at Kb (http://localhost:8080/static/dist/moment.0fcb6b41ff6a87cf079e.js:2:38830)
    at Vb (http://localhost:8080/static/dist/moment.0fcb6b41ff6a87cf079e.js:2:38864)
    at O (http://localhost:8080/static/dist/moment.0fcb6b41ff6a87cf079e.js:2:7676)
    at HTMLTimeElement.<anonymous> (http://localhost:8080/static/dist/main.6f9728400381098372e3.js:2:1003)
    at S.each (http://localhost:8080/static/appbuilder/js/jquery-latest.js:2:3003) @ http://localhost:8080/static/dist/moment.0fcb6b41ff6a87cf079e.js:1
[  664154ms] [WARNING] Deprecation warning: value provided is not in a recognized RFC2822 or ISO format. moment construction falls back to js Date(), which is not reliable across all browsers and versions. Non RFC2822/ISO date formats are discouraged. Please refer to http://momentjs.com/guides/#/warnings/js-date/ for more info.
Arguments: 
[0] _isAMomentObject: true, _isUTC: false, _useUTC: false, _l: undefined, _i: None, _f: undefined, _strict: undefined, _locale: [object Object]
Error
    at O.createFromInputFallback (http://localhost:8080/static/dist/moment.0fcb6b41ff6a87cf079e.js:2:10800)
    at wb (http://localhost:8080/static/dist/moment.0fcb6b41ff6a87cf079e.js:2:35140)
    at jb (http://localhost:8080/static/dist/moment.0fcb6b41ff6a87cf079e.js:2:38472)
    at Fb (http://localhost:8080/static/dist/moment.0fcb6b41ff6a87cf079e.js:2:38339)
    at Gb (http://localhost:8080/static/dist/moment.0fcb6b41ff6a87cf079e.js:2:38058)
    at Kb (http://localhost:8080/static/dist/moment.0fcb6b41ff6a87cf079e.js:2:38830)
    at Vb (http://localhost:8080/static/dist/moment.0fcb6b41ff6a87cf079e.js:2:38864)
    at O (http://localhost:8080/static/dist/moment.0fcb6b41ff6a87cf079e.js:2:7676)
    at HTMLTimeElement.<anonymous> (http://localhost:8080/static/dist/main.6f9728400381098372e3.js:2:1003)
    at S.each (http://localhost:8080/static/appbuilder/js/jquery-latest.js:2:3003) @ http://localhost:8080/static/dist/moment.0fcb6b41ff6a87cf079e.js:1
